// Jest Snapshot v1, https://goo.gl/fbAQLP

exports[`<Menu /> should match snapshot 1`] = `
<nav
  className="MuiList-root-1 MuiList-padding-2"
>
  <div
    className="MuiButtonBase-root-17 MuiListItem-root-5 MuiListItem-default-8 MuiListItem-gutters-13 MuiListItem-button-14"
    onBlur={[Function]}
    onContextMenu={[Function]}
    onFocus={[Function]}
    onKeyDown={[Function]}
    onKeyUp={[Function]}
    onMouseDown={[Function]}
    onMouseLeave={[Function]}
    onMouseUp={[Function]}
    onTouchEnd={[Function]}
    onTouchMove={[Function]}
    onTouchStart={[Function]}
    role="button"
    tabIndex="0"
  >
    <div
      className="MuiListItemText-root-20 MuiListItemText-inset-21"
      onClick={[Function]}
    >
      <span
        className="MuiTypography-root-26 MuiTypography-subheading-33 MuiListItemText-primary-23"
      >
        Makeup
      </span>
    </div>
    <svg
      aria-hidden="true"
      className="MuiSvgIcon-root-62"
      focusable="false"
      role="presentation"
      viewBox="0 0 24 24"
    >
      <path
        d="M16.59 8.59L12 13.17 7.41 8.59 6 10l6 6 6-6z"
      />
      <path
        d="M0 0h24v24H0z"
        fill="none"
      />
    </svg>
    <span
      className="MuiTouchRipple-root-75"
    />
  </div>
</nav>
`;
